
> helpdesk-api@1.0.0 test
> jest userRoutes.spec.ts --detectOpenHandles

