
> helpdesk-api@1.0.0 test
> jest userRoutes.spec.ts --no-coverage

node.exe : ts-jest[config] (WARN) [94mmessage[0m[90m TS151002: [0mUsing hybrid module kind (Node16/18/Next) is only supported in "isolatedModules: 
true". Please set "isolatedModules: true" in your tsconfig.json. To disable this message, you can set "diagnostics.ignoreCodes" to include 151002 in 
your ts-jest config. See more at https://kulshekhar.github.io/ts-jest/docs/getting-started/options/diagnostics
No linha:1 caractere:1
+ & "C:\Program Files\nodejs/node.exe" "C:\Program Files\nodejs/node_mo ...
+ ~~~~~~~~~~~~~~~~~~~~~~~~~~~~~~~~~~~~~~~~~~~~~~~~~~~~~~~~~~~~~~~~~~~~~
    + CategoryInfo          : NotSpecified: (ts-jest[config]...ons/diagnostics:String) [], RemoteException
    + FullyQualifiedErrorId : NativeCommandError
 
  console.warn
    Database connection failed in beforeEach, using fallback IDs

    [0m [90m 54 |[39m 			realUserId [33m=[39m [32m"test-user-id-"[39m [33m+[39m [33mDate[39m[33m.[39mnow()
     [90m 55 |[39m 			adminId [33m=[39m [32m"admin-id-"[39m [33m+[39m [33mDate[39m[33m.[39mnow()
    [31m[1m>[22m[39m[90m 56 |[39m 			console[33m.[39mwarn([32m"Database connection failed in beforeEach, using fallback IDs"[39m)
     [90m    |[39m 			        [31m[1m^[22m[39m
     [90m 57 |[39m 		}
     [90m 58 |[39m
     [90m 59 |[39m 		[90m// Generate tokens (works even with fake IDs)[39m[0m

      at Object.<anonymous> (tests/userRoutes.spec.ts:56:12)

  console.warn
    Database connection failed in beforeEach, using fallback IDs

    [0m [90m 54 |[39m 			realUserId [33m=[39m [32m"test-user-id-"[39m [33m+[39m [33mDate[39m[33m.[39mnow()
     [90m 55 |[39m 			adminId [33m=[39m [32m"admin-id-"[39m [33m+[39m [33mDate[39m[33m.[39mnow()
    [31m[1m>[22m[39m[90m 56 |[39m 			console[33m.[39mwarn([32m"Database connection failed in beforeEach, using fallback IDs"[39m)
     [90m    |[39m 			        [31m[1m^[22m[39m
     [90m 57 |[39m 		}
     [90m 58 |[39m
     [90m 59 |[39m 		[90m// Generate tokens (works even with fake IDs)[39m[0m

      at Object.<anonymous> (tests/userRoutes.spec.ts:56:12)

  console.warn
    Database connection failed in beforeEach, using fallback IDs

    [0m [90m 54 |[39m 			realUserId [33m=[39m [32m"test-user-id-"[39m [33m+[39m [33mDate[39m[33m.[39mnow()
     [90m 55 |[39m 			adminId [33m=[39m [32m"admin-id-"[39m [33m+[39m [33mDate[39m[33m.[39mnow()
    [31m[1m>[22m[39m[90m 56 |[39m 			console[33m.[39mwarn([32m"Database connection failed in beforeEach, using fallback IDs"[39m)
     [90m    |[39m 			        [31m[1m^[22m[39m
     [90m 57 |[39m 		}
     [90m 58 |[39m
     [90m 59 |[39m 		[90m// Generate tokens (works even with fake IDs)[39m[0m

      at Object.<anonymous> (tests/userRoutes.spec.ts:56:12)

  console.warn
    Database connection failed in beforeEach, using fallback IDs

    [0m [90m 54 |[39m 			realUserId [33m=[39m [32m"test-user-id-"[39m [33m+[39m [33mDate[39m[33m.[39mnow()
     [90m 55 |[39m 			adminId [33m=[39m [32m"admin-id-"[39m [33m+[39m [33mDate[39m[33m.[39mnow()
    [31m[1m>[22m[39m[90m 56 |[39m 			console[33m.[39mwarn([32m"Database connection failed in beforeEach, using fallback IDs"[39m)
     [90m    |[39m 			        [31m[1m^[22m[39m
     [90m 57 |[39m 		}
     [90m 58 |[39m
     [90m 59 |[39m 		[90m// Generate tokens (works even with fake IDs)[39m[0m

      at Object.<anonymous> (tests/userRoutes.spec.ts:56:12)

  console.warn
    Database connection failed in beforeEach, using fallback IDs

    [0m [90m 54 |[39m 			realUserId [33m=[39m [32m"test-user-id-"[39m [33m+[39m [33mDate[39m[33m.[39mnow()
     [90m 55 |[39m 			adminId [33m=[39m [32m"admin-id-"[39m [33m+[39m [33mDate[39m[33m.[39mnow()
    [31m[1m>[22m[39m[90m 56 |[39m 			console[33m.[39mwarn([32m"Database connection failed in beforeEach, using fallback IDs"[39m)
     [90m    |[39m 			        [31m[1m^[22m[39m
     [90m 57 |[39m 		}
     [90m 58 |[39m
     [90m 59 |[39m 		[90m// Generate tokens (works even with fake IDs)[39m[0m

      at Object.<anonymous> (tests/userRoutes.spec.ts:56:12)

  console.warn
    Database connection failed in beforeEach, using fallback IDs

    [0m [90m 54 |[39m 			realUserId [33m=[39m [32m"test-user-id-"[39m [33m+[39m [33mDate[39m[33m.[39mnow()
     [90m 55 |[39m 			adminId [33m=[39m [32m"admin-id-"[39m [33m+[39m [33mDate[39m[33m.[39mnow()
    [31m[1m>[22m[39m[90m 56 |[39m 			console[33m.[39mwarn([32m"Database connection failed in beforeEach, using fallback IDs"[39m)
     [90m    |[39m 			        [31m[1m^[22m[39m
     [90m 57 |[39m 		}
     [90m 58 |[39m
     [90m 59 |[39m 		[90m// Generate tokens (works even with fake IDs)[39m[0m

      at Object.<anonymous> (tests/userRoutes.spec.ts:56:12)

  console.warn
    Database connection failed in beforeEach, using fallback IDs

    [0m [90m 54 |[39m 			realUserId [33m=[39m [32m"test-user-id-"[39m [33m+[39m [33mDate[39m[33m.[39mnow()
     [90m 55 |[39m 			adminId [33m=[39m [32m"admin-id-"[39m [33m+[39m [33mDate[39m[33m.[39mnow()
    [31m[1m>[22m[39m[90m 56 |[39m 			console[33m.[39mwarn([32m"Database connection failed in beforeEach, using fallback IDs"[39m)
     [90m    |[39m 			        [31m[1m^[22m[39m
     [90m 57 |[39m 		}
     [90m 58 |[39m
     [90m 59 |[39m 		[90m// Generate tokens (works even with fake IDs)[39m[0m

      at Object.<anonymous> (tests/userRoutes.spec.ts:56:12)

  console.warn
    Database connection failed in beforeEach, using fallback IDs

    [0m [90m 54 |[39m 			realUserId [33m=[39m [32m"test-user-id-"[39m [33m+[39m [33mDate[39m[33m.[39mnow()
     [90m 55 |[39m 			adminId [33m=[39m [32m"admin-id-"[39m [33m+[39m [33mDate[39m[33m.[39mnow()
    [31m[1m>[22m[39m[90m 56 |[39m 			console[33m.[39mwarn([32m"Database connection failed in beforeEach, using fallback IDs"[39m)
     [90m    |[39m 			        [31m[1m^[22m[39m
     [90m 57 |[39m 		}
     [90m 58 |[39m
     [90m 59 |[39m 		[90m// Generate tokens (works even with fake IDs)[39m[0m

      at Object.<anonymous> (tests/userRoutes.spec.ts:56:12)

  console.warn
    Database connection failed in beforeEach, using fallback IDs

    [0m [90m 54 |[39m 			realUserId [33m=[39m [32m"test-user-id-"[39m [33m+[39m [33mDate[39m[33m.[39mnow()
     [90m 55 |[39m 			adminId [33m=[39m [32m"admin-id-"[39m [33m+[39m [33mDate[39m[33m.[39mnow()
    [31m[1m>[22m[39m[90m 56 |[39m 			console[33m.[39mwarn([32m"Database connection failed in beforeEach, using fallback IDs"[39m)
     [90m    |[39m 			        [31m[1m^[22m[39m
     [90m 57 |[39m 		}
     [90m 58 |[39m
     [90m 59 |[39m 		[90m// Generate tokens (works even with fake IDs)[39m[0m

      at Object.<anonymous> (tests/userRoutes.spec.ts:56:12)

  console.warn
    Database connection failed in beforeEach, using fallback IDs

    [0m [90m 54 |[39m 			realUserId [33m=[39m [32m"test-user-id-"[39m [33m+[39m [33mDate[39m[33m.[39mnow()
     [90m 55 |[39m 			adminId [33m=[39m [32m"admin-id-"[39m [33m+[39m [33mDate[39m[33m.[39mnow()
    [31m[1m>[22m[39m[90m 56 |[39m 			console[33m.[39mwarn([32m"Database connection failed in beforeEach, using fallback IDs"[39m)
     [90m    |[39m 			        [31m[1m^[22m[39m
     [90m 57 |[39m 		}
     [90m 58 |[39m
     [90m 59 |[39m 		[90m// Generate tokens (works even with fake IDs)[39m[0m

      at Object.<anonymous> (tests/userRoutes.spec.ts:56:12)

  console.warn
    Database connection failed in beforeEach, using fallback IDs

    [0m [90m 54 |[39m 			realUserId [33m=[39m [32m"test-user-id-"[39m [33m+[39m [33mDate[39m[33m.[39mnow()
     [90m 55 |[39m 			adminId [33m=[39m [32m"admin-id-"[39m [33m+[39m [33mDate[39m[33m.[39mnow()
    [31m[1m>[22m[39m[90m 56 |[39m 			console[33m.[39mwarn([32m"Database connection failed in beforeEach, using fallback IDs"[39m)
     [90m    |[39m 			        [31m[1m^[22m[39m
     [90m 57 |[39m 		}
     [90m 58 |[39m
     [90m 59 |[39m 		[90m// Generate tokens (works even with fake IDs)[39m[0m

      at Object.<anonymous> (tests/userRoutes.spec.ts:56:12)

  console.warn
    Database connection failed in beforeEach, using fallback IDs

    [0m [90m 54 |[39m 			realUserId [33m=[39m [32m"test-user-id-"[39m [33m+[39m [33mDate[39m[33m.[39mnow()
     [90m 55 |[39m 			adminId [33m=[39m [32m"admin-id-"[39m [33m+[39m [33mDate[39m[33m.[39mnow()
    [31m[1m>[22m[39m[90m 56 |[39m 			console[33m.[39mwarn([32m"Database connection failed in beforeEach, using fallback IDs"[39m)
     [90m    |[39m 			        [31m[1m^[22m[39m
     [90m 57 |[39m 		}
     [90m 58 |[39m
     [90m 59 |[39m 		[90m// Generate tokens (works even with fake IDs)[39m[0m

      at Object.<anonymous> (tests/userRoutes.spec.ts:56:12)

  console.warn
    Database connection failed in beforeEach, using fallback IDs

    [0m [90m 54 |[39m 			realUserId [33m=[39m [32m"test-user-id-"[39m [33m+[39m [33mDate[39m[33m.[39mnow()
     [90m 55 |[39m 			adminId [33m=[39m [32m"admin-id-"[39m [33m+[39m [33mDate[39m[33m.[39mnow()
    [31m[1m>[22m[39m[90m 56 |[39m 			console[33m.[39mwarn([32m"Database connection failed in beforeEach, using fallback IDs"[39m)
     [90m    |[39m 			        [31m[1m^[22m[39m
     [90m 57 |[39m 		}
     [90m 58 |[39m
     [90m 59 |[39m 		[90m// Generate tokens (works even with fake IDs)[39m[0m

      at Object.<anonymous> (tests/userRoutes.spec.ts:56:12)

  console.warn
    Database connection failed in beforeEach, using fallback IDs

    [0m [90m 54 |[39m 			realUserId [33m=[39m [32m"test-user-id-"[39m [33m+[39m [33mDate[39m[33m.[39mnow()
     [90m 55 |[39m 			adminId [33m=[39m [32m"admin-id-"[39m [33m+[39m [33mDate[39m[33m.[39mnow()
    [31m[1m>[22m[39m[90m 56 |[39m 			console[33m.[39mwarn([32m"Database connection failed in beforeEach, using fallback IDs"[39m)
     [90m    |[39m 			        [31m[1m^[22m[39m
     [90m 57 |[39m 		}
     [90m 58 |[39m
     [90m 59 |[39m 		[90m// Generate tokens (works even with fake IDs)[39m[0m

      at Object.<anonymous> (tests/userRoutes.spec.ts:56:12)

  console.warn
    Database connection failed in beforeEach, using fallback IDs

    [0m [90m 54 |[39m 			realUserId [33m=[39m [32m"test-user-id-"[39m [33m+[39m [33mDate[39m[33m.[39mnow()
     [90m 55 |[39m 			adminId [33m=[39m [32m"admin-id-"[39m [33m+[39m [33mDate[39m[33m.[39mnow()
    [31m[1m>[22m[39m[90m 56 |[39m 			console[33m.[39mwarn([32m"Database connection failed in beforeEach, using fallback IDs"[39m)
     [90m    |[39m 			        [31m[1m^[22m[39m
     [90m 57 |[39m 		}
     [90m 58 |[39m
     [90m 59 |[39m 		[90m// Generate tokens (works even with fake IDs)[39m[0m

      at Object.<anonymous> (tests/userRoutes.spec.ts:56:12)

  console.warn
    Database connection failed in beforeEach, using fallback IDs

    [0m [90m 54 |[39m 			realUserId [33m=[39m [32m"test-user-id-"[39m [33m+[39m [33mDate[39m[33m.[39mnow()
     [90m 55 |[39m 			adminId [33m=[39m [32m"admin-id-"[39m [33m+[39m [33mDate[39m[33m.[39mnow()
    [31m[1m>[22m[39m[90m 56 |[39m 			console[33m.[39mwarn([32m"Database connection failed in beforeEach, using fallback IDs"[39m)
     [90m    |[39m 			        [31m[1m^[22m[39m
     [90m 57 |[39m 		}
     [90m 58 |[39m
     [90m 59 |[39m 		[90m// Generate tokens (works even with fake IDs)[39m[0m

      at Object.<anonymous> (tests/userRoutes.spec.ts:56:12)

  console.warn
    Database connection failed in beforeEach, using fallback IDs

    [0m [90m 54 |[39m 			realUserId [33m=[39m [32m"test-user-id-"[39m [33m+[39m [33mDate[39m[33m.[39mnow()
     [90m 55 |[39m 			adminId [33m=[39m [32m"admin-id-"[39m [33m+[39m [33mDate[39m[33m.[39mnow()
    [31m[1m>[22m[39m[90m 56 |[39m 			console[33m.[39mwarn([32m"Database connection failed in beforeEach, using fallback IDs"[39m)
     [90m    |[39m 			        [31m[1m^[22m[39m
     [90m 57 |[39m 		}
     [90m 58 |[39m
     [90m 59 |[39m 		[90m// Generate tokens (works even with fake IDs)[39m[0m

      at Object.<anonymous> (tests/userRoutes.spec.ts:56:12)

  console.warn
    Database connection failed in beforeEach, using fallback IDs

    [0m [90m 54 |[39m 			realUserId [33m=[39m [32m"test-user-id-"[39m [33m+[39m [33mDate[39m[33m.[39mnow()
     [90m 55 |[39m 			adminId [33m=[39m [32m"admin-id-"[39m [33m+[39m [33mDate[39m[33m.[39mnow()
    [31m[1m>[22m[39m[90m 56 |[39m 			console[33m.[39mwarn([32m"Database connection failed in beforeEach, using fallback IDs"[39m)
     [90m    |[39m 			        [31m[1m^[22m[39m
     [90m 57 |[39m 		}
     [90m 58 |[39m
     [90m 59 |[39m 		[90m// Generate tokens (works even with fake IDs)[39m[0m

      at Object.<anonymous> (tests/userRoutes.spec.ts:56:12)

  console.warn
    Database connection failed in beforeEach, using fallback IDs

    [0m [90m 54 |[39m 			realUserId [33m=[39m [32m"test-user-id-"[39m [33m+[39m [33mDate[39m[33m.[39mnow()
     [90m 55 |[39m 			adminId [33m=[39m [32m"admin-id-"[39m [33m+[39m [33mDate[39m[33m.[39mnow()
    [31m[1m>[22m[39m[90m 56 |[39m 			console[33m.[39mwarn([32m"Database connection failed in beforeEach, using fallback IDs"[39m)
     [90m    |[39m 			        [31m[1m^[22m[39m
     [90m 57 |[39m 		}
     [90m 58 |[39m
     [90m 59 |[39m 		[90m// Generate tokens (works even with fake IDs)[39m[0m

      at Object.<anonymous> (tests/userRoutes.spec.ts:56:12)

  console.warn
    Database connection failed in beforeEach, using fallback IDs

    [0m [90m 54 |[39m 			realUserId [33m=[39m [32m"test-user-id-"[39m [33m+[39m [33mDate[39m[33m.[39mnow()
     [90m 55 |[39m 			adminId [33m=[39m [32m"admin-id-"[39m [33m+[39m [33mDate[39m[33m.[39mnow()
    [31m[1m>[22m[39m[90m 56 |[39m 			console[33m.[39mwarn([32m"Database connection failed in beforeEach, using fallback IDs"[39m)
     [90m    |[39m 			        [31m[1m^[22m[39m
     [90m 57 |[39m 		}
     [90m 58 |[39m
     [90m 59 |[39m 		[90m// Generate tokens (works even with fake IDs)[39m[0m

      at Object.<anonymous> (tests/userRoutes.spec.ts:56:12)

  console.warn
    Database connection failed in beforeEach, using fallback IDs

    [0m [90m 54 |[39m 			realUserId [33m=[39m [32m"test-user-id-"[39m [33m+[39m [33mDate[39m[33m.[39mnow()
     [90m 55 |[39m 			adminId [33m=[39m [32m"admin-id-"[39m [33m+[39m [33mDate[39m[33m.[39mnow()
    [31m[1m>[22m[39m[90m 56 |[39m 			console[33m.[39mwarn([32m"Database connection failed in beforeEach, using fallback IDs"[39m)
     [90m    |[39m 			        [31m[1m^[22m[39m
     [90m 57 |[39m 		}
     [90m 58 |[39m
     [90m 59 |[39m 		[90m// Generate tokens (works even with fake IDs)[39m[0m

      at Object.<anonymous> (tests/userRoutes.spec.ts:56:12)

  console.warn
    Database connection failed in beforeEach, using fallback IDs

    [0m [90m 54 |[39m 			realUserId [33m=[39m [32m"test-user-id-"[39m [33m+[39m [33mDate[39m[33m.[39mnow()
     [90m 55 |[39m 			adminId [33m=[39m [32m"admin-id-"[39m [33m+[39m [33mDate[39m[33m.[39mnow()
    [31m[1m>[22m[39m[90m 56 |[39m 			console[33m.[39mwarn([32m"Database connection failed in beforeEach, using fallback IDs"[39m)
     [90m    |[39m 			        [31m[1m^[22m[39m
     [90m 57 |[39m 		}
     [90m 58 |[39m
     [90m 59 |[39m 		[90m// Generate tokens (works even with fake IDs)[39m[0m

      at Object.<anonymous> (tests/userRoutes.spec.ts:56:12)

  console.warn
    Database connection failed in beforeEach, using fallback IDs

    [0m [90m 54 |[39m 			realUserId [33m=[39m [32m"test-user-id-"[39m [33m+[39m [33mDate[39m[33m.[39mnow()
     [90m 55 |[39m 			adminId [33m=[39m [32m"admin-id-"[39m [33m+[39m [33mDate[39m[33m.[39mnow()
    [31m[1m>[22m[39m[90m 56 |[39m 			console[33m.[39mwarn([32m"Database connection failed in beforeEach, using fallback IDs"[39m)
     [90m    |[39m 			        [31m[1m^[22m[39m
     [90m 57 |[39m 		}
     [90m 58 |[39m
     [90m 59 |[39m 		[90m// Generate tokens (works even with fake IDs)[39m[0m

      at Object.<anonymous> (tests/userRoutes.spec.ts:56:12)

  console.warn
    Database connection failed in beforeEach, using fallback IDs

    [0m [90m 54 |[39m 			realUserId [33m=[39m [32m"test-user-id-"[39m [33m+[39m [33mDate[39m[33m.[39mnow()
     [90m 55 |[39m 			adminId [33m=[39m [32m"admin-id-"[39m [33m+[39m [33mDate[39m[33m.[39mnow()
    [31m[1m>[22m[39m[90m 56 |[39m 			console[33m.[39mwarn([32m"Database connection failed in beforeEach, using fallback IDs"[39m)
     [90m    |[39m 			        [31m[1m^[22m[39m
     [90m 57 |[39m 		}
     [90m 58 |[39m
     [90m 59 |[39m 		[90m// Generate tokens (works even with fake IDs)[39m[0m

      at Object.<anonymous> (tests/userRoutes.spec.ts:56:12)

  console.warn
    Database connection failed in beforeEach, using fallback IDs

    [0m [90m 54 |[39m 			realUserId [33m=[39m [32m"test-user-id-"[39m [33m+[39m [33mDate[39m[33m.[39mnow()
     [90m 55 |[39m 			adminId [33m=[39m [32m"admin-id-"[39m [33m+[39m [33mDate[39m[33m.[39mnow()
    [31m[1m>[22m[39m[90m 56 |[39m 			console[33m.[39mwarn([32m"Database connection failed in beforeEach, using fallback IDs"[39m)
     [90m    |[39m 			        [31m[1m^[22m[39m
     [90m 57 |[39m 		}
     [90m 58 |[39m
     [90m 59 |[39m 		[90m// Generate tokens (works even with fake IDs)[39m[0m

      at Object.<anonymous> (tests/userRoutes.spec.ts:56:12)

  console.warn
    Database connection failed in beforeEach, using fallback IDs

    [0m [90m 54 |[39m 			realUserId [33m=[39m [32m"test-user-id-"[39m [33m+[39m [33mDate[39m[33m.[39mnow()
     [90m 55 |[39m 			adminId [33m=[39m [32m"admin-id-"[39m [33m+[39m [33mDate[39m[33m.[39mnow()
    [31m[1m>[22m[39m[90m 56 |[39m 			console[33m.[39mwarn([32m"Database connection failed in beforeEach, using fallback IDs"[39m)
     [90m    |[39m 			        [31m[1m^[22m[39m
     [90m 57 |[39m 		}
     [90m 58 |[39m
     [90m 59 |[39m 		[90m// Generate tokens (works even with fake IDs)[39m[0m

      at Object.<anonymous> (tests/userRoutes.spec.ts:56:12)

  console.warn
    Database connection failed in beforeEach, using fallback IDs

    [0m [90m 54 |[39m 			realUserId [33m=[39m [32m"test-user-id-"[39m [33m+[39m [33mDate[39m[33m.[39mnow()
     [90m 55 |[39m 			adminId [33m=[39m [32m"admin-id-"[39m [33m+[39m [33mDate[39m[33m.[39mnow()
    [31m[1m>[22m[39m[90m 56 |[39m 			console[33m.[39mwarn([32m"Database connection failed in beforeEach, using fallback IDs"[39m)
     [90m    |[39m 			        [31m[1m^[22m[39m
     [90m 57 |[39m 		}
     [90m 58 |[39m
     [90m 59 |[39m 		[90m// Generate tokens (works even with fake IDs)[39m[0m

      at Object.<anonymous> (tests/userRoutes.spec.ts:56:12)

  console.warn
    Database connection failed in beforeEach, using fallback IDs

    [0m [90m 54 |[39m 			realUserId [33m=[39m [32m"test-user-id-"[39m [33m+[39m [33mDate[39m[33m.[39mnow()
     [90m 55 |[39m 			adminId [33m=[39m [32m"admin-id-"[39m [33m+[39m [33mDate[39m[33m.[39mnow()
    [31m[1m>[22m[39m[90m 56 |[39m 			console[33m.[39mwarn([32m"Database connection failed in beforeEach, using fallback IDs"[39m)
     [90m    |[39m 			        [31m[1m^[22m[39m
     [90m 57 |[39m 		}
     [90m 58 |[39m
     [90m 59 |[39m 		[90m// Generate tokens (works even with fake IDs)[39m[0m

      at Object.<anonymous> (tests/userRoutes.spec.ts:56:12)

  console.warn
    Database connection failed in beforeEach, using fallback IDs

    [0m [90m 54 |[39m 			realUserId [33m=[39m [32m"test-user-id-"[39m [33m+[39m [33mDate[39m[33m.[39mnow()
     [90m 55 |[39m 			adminId [33m=[39m [32m"admin-id-"[39m [33m+[39m [33mDate[39m[33m.[39mnow()
    [31m[1m>[22m[39m[90m 56 |[39m 			console[33m.[39mwarn([32m"Database connection failed in beforeEach, using fallback IDs"[39m)
     [90m    |[39m 			        [31m[1m^[22m[39m
     [90m 57 |[39m 		}
     [90m 58 |[39m
     [90m 59 |[39m 		[90m// Generate tokens (works even with fake IDs)[39m[0m

      at Object.<anonymous> (tests/userRoutes.spec.ts:56:12)

  console.warn
    Database connection failed in beforeEach, using fallback IDs

    [0m [90m 54 |[39m 			realUserId [33m=[39m [32m"test-user-id-"[39m [33m+[39m [33mDate[39m[33m.[39mnow()
     [90m 55 |[39m 			adminId [33m=[39m [32m"admin-id-"[39m [33m+[39m [33mDate[39m[33m.[39mnow()
    [31m[1m>[22m[39m[90m 56 |[39m 			console[33m.[39mwarn([32m"Database connection failed in beforeEach, using fallback IDs"[39m)
     [90m    |[39m 			        [31m[1m^[22m[39m
     [90m 57 |[39m 		}
     [90m 58 |[39m
     [90m 59 |[39m 		[90m// Generate tokens (works even with fake IDs)[39m[0m

      at Object.<anonymous> (tests/userRoutes.spec.ts:56:12)

  console.warn
    Database connection failed in beforeEach, using fallback IDs

    [0m [90m 54 |[39m 			realUserId [33m=[39m [32m"test-user-id-"[39m [33m+[39m [33mDate[39m[33m.[39mnow()
     [90m 55 |[39m 			adminId [33m=[39m [32m"admin-id-"[39m [33m+[39m [33mDate[39m[33m.[39mnow()
    [31m[1m>[22m[39m[90m 56 |[39m 			console[33m.[39mwarn([32m"Database connection failed in beforeEach, using fallback IDs"[39m)
     [90m    |[39m 			        [31m[1m^[22m[39m
     [90m 57 |[39m 		}
     [90m 58 |[39m
     [90m 59 |[39m 		[90m// Generate tokens (works even with fake IDs)[39m[0m

      at Object.<anonymous> (tests/userRoutes.spec.ts:56:12)

  console.warn
    Database connection failed in beforeEach, using fallback IDs

    [0m [90m 54 |[39m 			realUserId [33m=[39m [32m"test-user-id-"[39m [33m+[39m [33mDate[39m[33m.[39mnow()
     [90m 55 |[39m 			adminId [33m=[39m [32m"admin-id-"[39m [33m+[39m [33mDate[39m[33m.[39mnow()
    [31m[1m>[22m[39m[90m 56 |[39m 			console[33m.[39mwarn([32m"Database connection failed in beforeEach, using fallback IDs"[39m)
     [90m    |[39m 			        [31m[1m^[22m[39m
     [90m 57 |[39m 		}
     [90m 58 |[39m
     [90m 59 |[39m 		[90m// Generate tokens (works even with fake IDs)[39m[0m

      at Object.<anonymous> (tests/userRoutes.spec.ts:56:12)

  console.warn
    Database connection failed in beforeEach, using fallback IDs

    [0m [90m 54 |[39m 			realUserId [33m=[39m [32m"test-user-id-"[39m [33m+[39m [33mDate[39m[33m.[39mnow()
     [90m 55 |[39m 			adminId [33m=[39m [32m"admin-id-"[39m [33m+[39m [33mDate[39m[33m.[39mnow()
    [31m[1m>[22m[39m[90m 56 |[39m 			console[33m.[39mwarn([32m"Database connection failed in beforeEach, using fallback IDs"[39m)
     [90m    |[39m 			        [31m[1m^[22m[39m
     [90m 57 |[39m 		}
     [90m 58 |[39m
     [90m 59 |[39m 		[90m// Generate tokens (works even with fake IDs)[39m[0m

      at Object.<anonymous> (tests/userRoutes.spec.ts:56:12)

  console.warn
    Database connection failed in beforeEach, using fallback IDs

    [0m [90m 54 |[39m 			realUserId [33m=[39m [32m"test-user-id-"[39m [33m+[39m [33mDate[39m[33m.[39mnow()
     [90m 55 |[39m 			adminId [33m=[39m [32m"admin-id-"[39m [33m+[39m [33mDate[39m[33m.[39mnow()
    [31m[1m>[22m[39m[90m 56 |[39m 			console[33m.[39mwarn([32m"Database connection failed in beforeEach, using fallback IDs"[39m)
     [90m    |[39m 			        [31m[1m^[22m[39m
     [90m 57 |[39m 		}
     [90m 58 |[39m
     [90m 59 |[39m 		[90m// Generate tokens (works even with fake IDs)[39m[0m

      at Object.<anonymous> (tests/userRoutes.spec.ts:56:12)

  console.warn
    Database connection failed in beforeEach, using fallback IDs

    [0m [90m 54 |[39m 			realUserId [33m=[39m [32m"test-user-id-"[39m [33m+[39m [33mDate[39m[33m.[39mnow()
     [90m 55 |[39m 			adminId [33m=[39m [32m"admin-id-"[39m [33m+[39m [33mDate[39m[33m.[39mnow()
    [31m[1m>[22m[39m[90m 56 |[39m 			console[33m.[39mwarn([32m"Database connection failed in beforeEach, using fallback IDs"[39m)
     [90m    |[39m 			        [31m[1m^[22m[39m
     [90m 57 |[39m 		}
     [90m 58 |[39m
     [90m 59 |[39m 		[90m// Generate tokens (works even with fake IDs)[39m[0m

      at Object.<anonymous> (tests/userRoutes.spec.ts:56:12)

  console.warn
    Database connection failed in beforeEach, using fallback IDs

    [0m [90m 54 |[39m 			realUserId [33m=[39m [32m"test-user-id-"[39m [33m+[39m [33mDate[39m[33m.[39mnow()
     [90m 55 |[39m 			adminId [33m=[39m [32m"admin-id-"[39m [33m+[39m [33mDate[39m[33m.[39mnow()
    [31m[1m>[22m[39m[90m 56 |[39m 			console[33m.[39mwarn([32m"Database connection failed in beforeEach, using fallback IDs"[39m)
     [90m    |[39m 			        [31m[1m^[22m[39m
     [90m 57 |[39m 		}
     [90m 58 |[39m
     [90m 59 |[39m 		[90m// Generate tokens (works even with fake IDs)[39m[0m

      at Object.<anonymous> (tests/userRoutes.spec.ts:56:12)

  console.warn
    Database connection failed in beforeEach, using fallback IDs

    [0m [90m 54 |[39m 			realUserId [33m=[39m [32m"test-user-id-"[39m [33m+[39m [33mDate[39m[33m.[39mnow()
     [90m 55 |[39m 			adminId [33m=[39m [32m"admin-id-"[39m [33m+[39m [33mDate[39m[33m.[39mnow()
    [31m[1m>[22m[39m[90m 56 |[39m 			console[33m.[39mwarn([32m"Database connection failed in beforeEach, using fallback IDs"[39m)
     [90m    |[39m 			        [31m[1m^[22m[39m
     [90m 57 |[39m 		}
     [90m 58 |[39m
     [90m 59 |[39m 		[90m// Generate tokens (works even with fake IDs)[39m[0m

      at Object.<anonymous> (tests/userRoutes.spec.ts:56:12)

  console.warn
    Database connection failed in beforeEach, using fallback IDs

    [0m [90m 54 |[39m 			realUserId [33m=[39m [32m"test-user-id-"[39m [33m+[39m [33mDate[39m[33m.[39mnow()
     [90m 55 |[39m 			adminId [33m=[39m [32m"admin-id-"[39m [33m+[39m [33mDate[39m[33m.[39mnow()
    [31m[1m>[22m[39m[90m 56 |[39m 			console[33m.[39mwarn([32m"Database connection failed in beforeEach, using fallback IDs"[39m)
     [90m    |[39m 			        [31m[1m^[22m[39m
     [90m 57 |[39m 		}
     [90m 58 |[39m
     [90m 59 |[39m 		[90m// Generate tokens (works even with fake IDs)[39m[0m

      at Object.<anonymous> (tests/userRoutes.spec.ts:56:12)

  console.warn
    Database connection failed in beforeEach, using fallback IDs

    [0m [90m 54 |[39m 			realUserId [33m=[39m [32m"test-user-id-"[39m [33m+[39m [33mDate[39m[33m.[39mnow()
     [90m 55 |[39m 			adminId [33m=[39m [32m"admin-id-"[39m [33m+[39m [33mDate[39m[33m.[39mnow()
    [31m[1m>[22m[39m[90m 56 |[39m 			console[33m.[39mwarn([32m"Database connection failed in beforeEach, using fallback IDs"[39m)
     [90m    |[39m 			        [31m[1m^[22m[39m
     [90m 57 |[39m 		}
     [90m 58 |[39m
     [90m 59 |[39m 		[90m// Generate tokens (works even with fake IDs)[39m[0m

      at Object.<anonymous> (tests/userRoutes.spec.ts:56:12)

  console.warn
    Database connection failed in beforeEach, using fallback IDs

    [0m [90m 54 |[39m 			realUserId [33m=[39m [32m"test-user-id-"[39m [33m+[39m [33mDate[39m[33m.[39mnow()
     [90m 55 |[39m 			adminId [33m=[39m [32m"admin-id-"[39m [33m+[39m [33mDate[39m[33m.[39mnow()
    [31m[1m>[22m[39m[90m 56 |[39m 			console[33m.[39mwarn([32m"Database connection failed in beforeEach, using fallback IDs"[39m)
     [90m    |[39m 			        [31m[1m^[22m[39m
     [90m 57 |[39m 		}
     [90m 58 |[39m
     [90m 59 |[39m 		[90m// Generate tokens (works even with fake IDs)[39m[0m

      at Object.<anonymous> (tests/userRoutes.spec.ts:56:12)

  console.warn
    Database connection failed in beforeEach, using fallback IDs

    [0m [90m 54 |[39m 			realUserId [33m=[39m [32m"test-user-id-"[39m [33m+[39m [33mDate[39m[33m.[39mnow()
     [90m 55 |[39m 			adminId [33m=[39m [32m"admin-id-"[39m [33m+[39m [33mDate[39m[33m.[39mnow()
    [31m[1m>[22m[39m[90m 56 |[39m 			console[33m.[39mwarn([32m"Database connection failed in beforeEach, using fallback IDs"[39m)
     [90m    |[39m 			        [31m[1m^[22m[39m
     [90m 57 |[39m 		}
     [90m 58 |[39m
     [90m 59 |[39m 		[90m// Generate tokens (works even with fake IDs)[39m[0m

      at Object.<anonymous> (tests/userRoutes.spec.ts:56:12)

  console.warn
    Database connection failed in beforeEach, using fallback IDs

    [0m [90m 54 |[39m 			realUserId [33m=[39m [32m"test-user-id-"[39m [33m+[39m [33mDate[39m[33m.[39mnow()
     [90m 55 |[39m 			adminId [33m=[39m [32m"admin-id-"[39m [33m+[39m [33mDate[39m[33m.[39mnow()
    [31m[1m>[22m[39m[90m 56 |[39m 			console[33m.[39mwarn([32m"Database connection failed in beforeEach, using fallback IDs"[39m)
     [90m    |[39m 			        [31m[1m^[22m[39m
     [90m 57 |[39m 		}
     [90m 58 |[39m
     [90m 59 |[39m 		[90m// Generate tokens (works even with fake IDs)[39m[0m

      at Object.<anonymous> (tests/userRoutes.spec.ts:56:12)

  console.warn
    Database connection failed in beforeEach, using fallback IDs

    [0m [90m 54 |[39m 			realUserId [33m=[39m [32m"test-user-id-"[39m [33m+[39m [33mDate[39m[33m.[39mnow()
     [90m 55 |[39m 			adminId [33m=[39m [32m"admin-id-"[39m [33m+[39m [33mDate[39m[33m.[39mnow()
    [31m[1m>[22m[39m[90m 56 |[39m 			console[33m.[39mwarn([32m"Database connection failed in beforeEach, using fallback IDs"[39m)
     [90m    |[39m 			        [31m[1m^[22m[39m
     [90m 57 |[39m 		}
     [90m 58 |[39m
     [90m 59 |[39m 		[90m// Generate tokens (works even with fake IDs)[39m[0m

      at Object.<anonymous> (tests/userRoutes.spec.ts:56:12)

  console.warn
    Database connection failed in beforeEach, using fallback IDs

    [0m [90m 54 |[39m 			realUserId [33m=[39m [32m"test-user-id-"[39m [33m+[39m [33mDate[39m[33m.[39mnow()
     [90m 55 |[39m 			adminId [33m=[39m [32m"admin-id-"[39m [33m+[39m [33mDate[39m[33m.[39mnow()
    [31m[1m>[22m[39m[90m 56 |[39m 			console[33m.[39mwarn([32m"Database connection failed in beforeEach, using fallback IDs"[39m)
     [90m    |[39m 			        [31m[1m^[22m[39m
     [90m 57 |[39m 		}
     [90m 58 |[39m
     [90m 59 |[39m 		[90m// Generate tokens (works even with fake IDs)[39m[0m

      at Object.<anonymous> (tests/userRoutes.spec.ts:56:12)

  console.warn
    Database connection failed in beforeEach, using fallback IDs

    [0m [90m 54 |[39m 			realUserId [33m=[39m [32m"test-user-id-"[39m [33m+[39m [33mDate[39m[33m.[39mnow()
     [90m 55 |[39m 			adminId [33m=[39m [32m"admin-id-"[39m [33m+[39m [33mDate[39m[33m.[39mnow()
    [31m[1m>[22m[39m[90m 56 |[39m 			console[33m.[39mwarn([32m"Database connection failed in beforeEach, using fallback IDs"[39m)
     [90m    |[39m 			        [31m[1m^[22m[39m
     [90m 57 |[39m 		}
     [90m 58 |[39m
     [90m 59 |[39m 		[90m// Generate tokens (works even with fake IDs)[39m[0m

      at Object.<anonymous> (tests/userRoutes.spec.ts:56:12)

  console.warn
    Database connection failed in beforeEach, using fallback IDs

    [0m [90m 54 |[39m 			realUserId [33m=[39m [32m"test-user-id-"[39m [33m+[39m [33mDate[39m[33m.[39mnow()
     [90m 55 |[39m 			adminId [33m=[39m [32m"admin-id-"[39m [33m+[39m [33mDate[39m[33m.[39mnow()
    [31m[1m>[22m[39m[90m 56 |[39m 			console[33m.[39mwarn([32m"Database connection failed in beforeEach, using fallback IDs"[39m)
     [90m    |[39m 			        [31m[1m^[22m[39m
     [90m 57 |[39m 		}
     [90m 58 |[39m
     [90m 59 |[39m 		[90m// Generate tokens (works even with fake IDs)[39m[0m

      at Object.<anonymous> (tests/userRoutes.spec.ts:56:12)

PASS tests/userRoutes.spec.ts (28.278 s)
  User Routes
    POST /users/login
      ÔêÜ should return 200 with token on successful login (1126 ms)
      ÔêÜ should return 400 on invalid credentials (160 ms)
      ÔêÜ should return 400 when email exists but password is wrong (162 ms)
      ÔêÜ should return 400 when email is missing (126 ms)
    POST /users/tech - Create Tech Account
      ÔêÜ should return 403 when non-admin tries to create tech account (142 ms)
      ÔêÜ should return 401 when no token is provided (113 ms)
      ÔêÜ should validate required fields (100 ms)
    GET /users/techList - List Tech Accounts
      ÔêÜ should return 403 when non-admin tries to list tech accounts (69 ms)
      ÔêÜ should return 401 when no token is provided (67 ms)
      ÔêÜ should return tech list when admin is authenticated (79 ms)
    PUT /users/tech/:id - Update Tech Account
      ÔêÜ should return 403 when unauthorized user tries to update another tech (84 ms)
      ÔêÜ should return 401 when no token is provided (63 ms)
      ÔêÜ should validate update fields (103 ms)
      ÔêÜ admin should be able to update any tech account (69 ms)
    PUT /users/techAvailabilities/:id - Update Tech Availabilities
      ÔêÜ should return 401 when no token is provided (69 ms)
      ÔêÜ should return 403 when non-tech/admin tries to update availabilities (77 ms)
      ÔêÜ should validate availability format (78 ms)
      ÔêÜ should accept valid availability times (69 ms)
    PUT /users/admin/:id - Update Admin Account
      ÔêÜ should return 403 when non-admin tries to update admin account (75 ms)
      ÔêÜ should return 401 when no token is provided (60 ms)
      ÔêÜ admin should be able to update admin account (65 ms)
    POST /users/client - Create Client Account
      ÔêÜ should allow creating client account without authentication (79 ms)
      ÔêÜ should validate client creation fields (70 ms)
      ÔêÜ should reject duplicate email (122 ms)
    PUT /users/client/:id - Update Client Account
      ÔêÜ should return 401 when no token is provided (74 ms)
      ÔêÜ should allow client to update their own account (66 ms)
      ÔêÜ should prevent client from updating another client account (64 ms)
      ÔêÜ admin should be able to update any client account (65 ms)
      ÔêÜ should validate update fields (72 ms)
    GET /users/clientList - List Client Accounts
      ÔêÜ should return 403 when non-admin tries to list clients (82 ms)
      ÔêÜ should return 401 when no token is provided (68 ms)
      ÔêÜ should return client list when admin is authenticated (79 ms)
    DELETE /users/client/:id - Delete Client Account
      ÔêÜ should return 401 when no token is provided (70 ms)
      ÔêÜ should allow client to delete their own account (77 ms)
      ÔêÜ should prevent client from deleting another client account (66 ms)
      ÔêÜ admin should be able to delete any client account (66 ms)
      ÔêÜ should return 403 when non-admin/client tries to delete (67 ms)
    PUT /users/picture/:id - Update User Picture
      ÔêÜ should return 401 when no token is provided (77 ms)
      ÔêÜ should allow user to update their own picture (79 ms)
      ÔêÜ should prevent user from updating another user picture (72 ms)
      ÔêÜ admin should be able to update any user picture (69 ms)
      ÔêÜ should return 400 when no file is uploaded (55 ms)
    GET /users/picture/:id - Get User Picture
      ÔêÜ should return user picture (65 ms)
    Authorization and Requisite Compliance
      ÔêÜ should enforce admin-only operations for tech creation (73 ms)
      ÔêÜ should enforce permission checks for tech account updates (70 ms)
      ÔêÜ should allow client self-service operations (76 ms)

Test Suites: 1 passed, 1 total
Tests:       46 passed, 46 total
Snapshots:   0 total
Time:        29.432 s
Ran all test suites matching userRoutes.spec.ts.
Jest did not exit one second after the test run has completed.

'This usually means that there are asynchronous operations that weren't stopped in your tests. Consider running Jest with `--detectOpenHandles` to 
troubleshoot this issue.
